data/runs/858b5774-50e8-44fd-93cf-042db77ccb61/panel.csv
t,firm_id,price,cost,quantity,profit
0,1,2.6,1.0,2500.0,4000.0
1,1,2.6,0.9377141317847915,2500.0,4155.714670538022
2,1,2.6,0.9228642629693894,2500.0,4192.839342576526
3,1,2.6,0.9918449929563644,2500.0,4020.387517609089
4,1,2.6,0.99006623011135,2500.0,4024.834424721625
5,1,2.6,0.9673446968597313,2500.0,4081.6382578506714
6,1,2.6,0.9737204352014649,2500.0,4065.698911996338
7,1,2.6,1.0477251248817867,2500.0,3880.6871877955336
8,1,2.6,0.8955020593855832,2500.0,4261.244851536042
9,1,2.6,0.8726629870487485,2478.0508867986755,4280.429016744024
10,1,2.6,0.8339698752618859,2448.3825256233736,4323.9172971332655
11,1,2.6,0.7494467201047162,2425.216637362603,4487.992602727976
12,1,2.6,0.6348277533450302,2404.653057551259,4725.55745153375
13,1,2.6,0.680563436309399,2500.0,4798.591409226503
14,1,2.494479620300396,0.4944796203003962,2565.93494310605,5131.869886212099
15,1,2.5170974717317085,0.5170974717317084,2514.5344861922263,5029.0689723844525
16,1,2.4352214026601846,0.4352214026601847,2582.988113136904,5165.976226273808
17,1,2.4996615233191237,0.4996615233191236,2488.2754266318416,4976.550853263683
18,1,2.500335156586978,0.5003351565869778,2540.8625127092437,5081.725025418487
19,1,2.5196710885343756,0.5196710885343757,2526.481005895393,5052.962011790786
20,1,2.6,0.6689586372408741,2500.0,4827.603406897814
21,1,2.528180773678735,0.5281807736787354,2526.086945943949,5052.173891887897
22,1,2.58360600085648,0.5836060008564798,2368.539303015863,4737.078606031726
23,1,2.467131211259878,0.46713121125987817,2394.2766020771005,4788.553204154201
24,1,2.401409049620392,0.40140904962039203,2473.042631886501,4946.085263773002
25,1,2.455440437667487,0.45544043766748715,2348.107575296326,4696.215150592651
26,1,2.3858853435704694,0.38588534357046955,2430.9069303625643,4861.8138607251285
27,1,2.4882370396580957,0.48823703965809584,2365.1625009015493,4730.3250018030985
28,1,2.46090801646853,0.46090801646852997,2364.346673726282,4728.693347452564
29,1,2.387295680610733,0.3872956806107331,2316.2246902360303,4632.4493804720605
30,1,2.531107975748727,0.531107975748727,2201.8408867875887,4403.681773575177
31,1,2.514904186387913,0.514904186387913,2199.9275575634547,4399.855115126909
32,1,2.6,0.612546932153291,2127.787415941705,4228.877627538964
33,1,2.5153766076398947,0.5153766076398945,2199.5222565206896,4399.044513041379
34,1,2.6,0.700147338314386,2247.9492117489563,4270.772293275332
35,1,2.5559157096581053,0.5559157096581056,2344.0772902526164,4688.154580505232
36,1,2.584868893398271,0.5848688933982709,2230.580129123069,4461.160258246138
37,1,2.5708617980495228,0.5708617980495226,2217.201077118998,4434.402154237996
38,1,2.587969276301949,0.5879692763019491,2137.880792862264,4275.761585724528
39,1,2.6,0.7092069877680398,2127.787415941705,4023.2055775776757
40,1,2.5824943267955223,0.5824943267955223,2150.058639945879,4300.117279891758
41,1,2.6,0.6768428452783464,2202.067205751158,4234.921301918259
42,1,2.6,0.6359116408090888,2153.3739388457966,4229.41668627211
43,1,2.4898273481039075,0.4898273481039074,2221.518495793287,4443.036991586574
44,1,2.422795308120406,0.422795308120406,2279.973193757277,4559.946387514554
45,1,2.444729869449405,0.4447298694494051,2260.726792382098,4521.453584764196
46,1,2.4825440947915203,0.4825440947915205,2246.7688661472243,4493.537732294448
47,1,2.6,0.6198764134599852,2245.7853910272615,4446.932623080071
48,1,2.6,0.8090233611960782,2291.044247474858,4103.206725693582
49,1,2.6,0.8918991238621815,2196.39461391742,3751.6635643767313
50,1,2.6,1.0073654165382855,2174.466382892432,3463.13036196939
51,1,2.6,1.0153282852074579,2158.1067180985797,3419.8906736745816
52,1,2.6,1.1054120828233747,2281.407614335453,3409.764254540519
53,1,2.6,1.1799171735430412,2322.757279311345,3298.507722377931
54,1,2.6,1.2135273474689838,2487.3614468555643,3448.6586230252205
55,1,2.6,1.2749147200171362,2483.4921128957203,3290.83884175166
56,1,2.6,1.1948844963184775,2500.0,3512.7887592038064
57,1,2.6,1.1733694981933676,2500.0,3566.5762545165812
58,1,2.6,1.0839212531099205,2500.0,3790.196867225199
59,1,2.6,1.0699517031384904,2500.0,3825.1207421537742
60,1,2.6,1.092718804056256,2500.0,3768.20298985936
61,1,2.6,1.175427578605434,2500.0,3561.4310534864153
62,1,2.6,1.2972384219017825,2500.0,3256.903945245544
63,1,2.6,1.310187165150775,2500.0,3224.5320871230624
64,1,2.6,1.2286306842738455,2485.848955261007,3409.016980774864
65,1,2.6,1.4171397012133442,2415.2747478710526,2856.9326099186183
66,1,2.6,1.5184155261233934,2453.7490195903365,2653.9368423788537
67,1,2.6,1.5265022918062345,2338.0791212169925,2509.922578202135
68,1,2.6,1.5881789464524625,2301.9021343651775,2329.1130427566995
69,1,2.6,1.594560044496374,2254.8802090678346,2267.146657071171
70,1,2.6,1.6036027156798833,2319.714248280189,2311.356977385062
71,1,2.6,1.5090491174047944,2264.3389609196934,2470.2825879100506
72,1,2.6,1.4060388639914392,2197.406040819404,2623.61741276881
73,1,2.6,1.4212893315133077,2266.5340399490774,2671.5878533762207
74,1,2.6,1.3443403452027067,2340.2069521695544,2938.503453715449
75,1,2.6,1.4019725767822202,2318.217244016054,2777.287831307576
76,1,2.6,1.3779960483865943,2342.538755437218,2862.5916159518297
77,1,2.6,1.396981632072507,2371.6075299536055,2853.0874200493395
78,1,2.6,1.3725529782619912,2462.27278906737,3022.3094016472837
79,1,2.6,1.6107144402367413,2461.1988018542306,2434.8284343810246
80,1,2.6,1.4236015524525345,2500.0,2940.996118868664
81,1,2.6,1.3139998823756225,2500.0,3215.000294060944
82,1,2.6,1.2634312715381448,2500.0,3341.421821154638
83,1,2.6,1.2956801095955208,2500.0,3260.7997260111983
84,1,2.6,1.1882483998545281,2500.0,3529.37900036368
85,1,2.6,1.164528436212933,2500.0,3588.678909467668
86,1,2.6,1.1467104810438846,2500.0,3633.223797390289
87,1,2.6,1.321901290109933,2500.0,3195.246774725168
88,1,2.6,1.3376929447136925,2426.062543623674,3062.4358653820095
89,1,2.6,1.3740635858777441,2454.2193073912445,3008.716817172829
90,1,2.6,1.1981611721382346,2374.5788109514865,3328.7767770096166
91,1,2.6,1.2110745963035696,2307.656164376129,3205.162269698671
92,1,2.6,1.1629295520615974,2350.413913225625,3377.710375119803
93,1,2.6,1.2541585924542094,2370.0678996707215,3189.7355180719396
94,1,2.6,1.2209405827109556,2370.663418583225,3269.2857126198364
95,1,2.6,1.3645082868465288,2500.0,3088.729282883678
96,1,2.6,1.3925145458124166,2500.0,3018.7136354689587
97,1,2.6,1.3577211219108094,2424.2164181141598,3011.552852140255
98,1,2.6,1.2891634104414764,2477.4635788158907,3247.5499084104767
99,1,2.6,1.168376278966404,2468.8568233085884,3534.473992084225
0,2,2.6,1.0,2500.0,4000.0
1,2,2.6,1.0135290026429544,2500.0,3966.177493392614
2,2,2.6,1.0397773808285808,2500.0,3900.5565479285483
3,2,2.6,0.9505875141254733,2500.0,4123.531214686317
4,2,2.6,0.8904445442968052,2500.0,4273.888639257987
5,2,2.6,0.7910890038632763,2500.0,4522.277490341809
6,2,2.6,0.8685407863044328,2500.0,4328.648034238919
7,2,2.6,0.8285442259648337,2500.0,4428.639435087916
8,2,2.6,0.7465190798687473,2500.0,4633.702300328132
9,2,2.5648805164973174,0.5648805164973176,2521.949113201325,5043.898226402649
10,2,2.5174003022957097,0.5174003022957098,2551.6174743766264,5103.234948753253
11,2,2.4803109116646342,0.48031091166463424,2574.783362637397,5149.566725274794
12,2,2.447370860287333,0.4473708602873332,2595.346942448741,5190.693884897482
13,2,2.6,0.632575710784801,2500.0,4918.560723037998
14,2,2.6,0.6851906457779686,2434.065056893949,4660.770539725515
15,2,2.4996902942112107,0.4996902942112108,2536.515478282014,5073.030956564028
16,2,2.536604724057259,0.5366047240572593,2455.315463702486,4910.630927404971
17,2,2.433005467745426,0.4330054677454259,2572.602155574035,5145.20431114807
18,2,2.532019638677352,0.532019638677352,2500.9267277283607,5001.853455456721
19,2,2.5247915623476214,0.5247915623476211,2520.0208892235178,5040.0417784470355
20,2,2.6,0.6122763566103749,2500.0,4969.309108474063
21,2,2.540288471189469,0.5402884711894691,2510.840593749136,5021.681187498272
22,2,2.365740316767157,0.3657403167671569,2641.128477282813,5282.256954565626
23,2,2.2396681356678454,0.2396681356678453,2682.6702970765077,5365.340594153015
24,2,2.2678431516248065,0.2678431516248066,2643.8393933376024,5287.678786675205
25,2,2.1513050620377916,0.15130506203779165,2733.7585059021835,5467.517011804367
26,2,2.1814791038146026,0.18147910381460286,2692.4929993024916,5384.985998604982
27,2,2.224086795051105,0.22408679505110535,2699.1093618944756,5398.21872378895
28,2,2.184272329861242,0.1842723298612418,2715.0750050892757,5430.150010178551
29,2,2.0074914499208654,0.007491449920865423,2800.619623648505,5601.23924729701
30,2,2.025304285388434,0.025304285388433937,2835.4357310018227,5670.871462003645
31,2,2.0,0.0,2845.8919251114908,5691.7838502229815
32,2,2.0,0.0,2872.2125840582953,5744.425168116591
33,2,2.0,0.0,2846.0398010412796,5692.079602082559
34,2,2.1953439284079495,0.19534392840794965,2752.0507882510437,5504.101576502087
35,2,2.2869658776484356,0.28696587764843556,2681.47431508673,5362.94863017346
36,2,2.1460552071322363,0.14605520713223646,2777.825819385899,5555.6516387717975
37,2,2.1049478501927683,0.10494785019276812,2798.833150313196,5597.666300626392
38,2,2.0,0.0,2868.5299695585827,5737.059939117165
39,2,2.0,0.0,2872.2125840582953,5744.425168116591
40,2,2.0123239860385578,0.012323986038557819,2859.30985576673,5718.61971153346
41,2,2.121031402826906,0.12103140282690587,2797.9327942488426,5595.865588497685
42,2,2.041802862397302,0.04180286239730217,2846.626061154204,5693.252122308408
43,2,2.0,0.0,2838.0143730480554,5676.028746096111
44,2,2.0,0.0,2816.686910495851,5633.373820991702
45,2,2.0,0.0,2823.709047618973,5647.418095237946
46,2,2.029968612531946,0.02996861253194565,2817.305314102708,5634.610628205416
47,2,2.191845953132329,0.19184595313232877,2754.214608972738,5508.429217945476
48,2,2.264888974862887,0.26488897486288676,2708.955752525142,5417.911505050284
49,2,2.1118219548287853,0.11182195482878549,2803.60538608258,5607.210772165159
50,2,2.0761721109368367,0.07617211093683693,2825.5336171075683,5651.067234215136
51,2,2.0495216786220154,0.04952167862201558,2841.8932819014203,5683.78656380284
52,2,2.249356772184135,0.24935677218413504,2718.592385664547,5437.184771329094
53,2,2.3159350662191325,0.31593506621913253,2677.242720688655,5354.48544137731
54,2,2.5797781426958113,0.5797781426958113,2512.638553144436,5025.277106288872
55,2,2.5735869967451475,0.5735869967451477,2516.5078871042797,5033.0157742085585
56,2,2.6,0.719160455456646,2500.0,4702.098861358385
57,2,2.6,0.669997858495999,2500.0,4825.005353760002
58,2,2.6,0.7594550648191364,2500.0,4601.36233795216
59,2,2.6,0.8883477785817184,2500.0,4279.130553545704
60,2,2.6,0.8348302645457195,2500.0,4412.924338635701
61,2,2.6,0.8505390844271593,2500.0,4373.652288932101
62,2,2.6,0.6690782549798785,2500.0,4827.304362550304
63,2,2.6,0.6161936091206877,2500.0,4959.515977198281
64,2,2.577358086597414,0.5773580865974138,2514.1510447389933,5028.302089477987
65,2,2.464387661999156,0.46438766199915565,2584.7252521289474,5169.450504257895
66,2,2.5259899869067812,0.5259899869067813,2546.250980409664,5092.501960819328
67,2,2.3405634136538858,0.3405634136538859,2661.920878783008,5323.841757566015
68,2,2.282377531119514,0.2823775311195138,2698.0978656348225,5396.195731269645
69,2,2.2065442709716847,0.2065442709716847,2745.1197909321663,5490.239581864333
70,2,2.311041193265328,0.3110411932653279,2680.285751719811,5360.571503439622
71,2,2.2218195279894073,0.2218195279894073,2735.6610390803066,5471.322078160613
72,2,2.113464380078289,0.11346438007828898,2802.5939591805954,5605.18791836119
73,2,2.225362847240207,0.2253628472402069,2733.4659600509226,5466.931920101845
74,2,2.34398209671524,0.34398209671523994,2659.7930478304456,5319.586095660891
75,2,2.30863336030922,0.30863336030922023,2681.782755983946,5363.565511967892
76,2,2.3477280635247,0.34772806352470004,2657.461244562782,5314.922489125564
77,2,2.3943911534075655,0.3943911534075655,2628.3924700463945,5256.784940092789
78,2,2.5396318795890274,0.5396318795890276,2537.72721093263,5075.454421865259
79,2,2.537913097372927,0.5379130973729269,2538.80119814577,5077.60239629154
80,2,2.6,0.6748440828093974,2500.0,4812.889792976507
81,2,2.6,0.8399229405855435,2500.0,4400.192648536142
82,2,2.6,0.9125404385399392,2500.0,4218.6489036501525
83,2,2.6,0.9219204727356636,2500.0,4195.198818160841
84,2,2.6,1.0007921896699241,2500.0,3998.01952582519
85,2,2.6,0.7177790700544971,2500.0,4705.552324863757
86,2,2.6,0.837782227051796,2500.0,4405.544432370511
87,2,2.6,0.6231048682686089,2500.0,4942.237829328478
88,2,2.481665560173554,0.48166556017355444,2573.937456376326,5147.874912752651
89,2,2.526742702405315,0.5267427024053151,2545.780692608755,5091.561385217509
90,2,2.399157485718003,0.39915748571800275,2625.421189048513,5250.842378097026
91,2,2.291640466752454,0.29164046675245403,2692.343835623871,5384.687671247742
92,2,2.360376023610679,0.36037602361067933,2649.586086774374,5299.172173548748
93,2,2.391921151791268,0.3919211517912679,2629.9321003292785,5259.864200658557
94,2,2.3928765509426064,0.3928765509426064,2629.336581416775,5258.67316283355
95,2,2.6,0.6387487354135085,2500.0,4903.128161466229
96,2,2.6,0.7665091716126983,2500.0,4583.727070968254
97,2,2.478709108304459,0.478709108304459,2575.78358188584,5151.56716377168
98,2,2.563940749329969,0.5639407493299687,2522.53642118411,5045.07284236822
99,2,2.5501683395016936,0.5501683395016935,2531.1431766914116,5062.286353382823
